// Jest Snapshot v1, https://goo.gl/fbAQLP

exports[`Game config includes unlimited time mode 1`] = `
Object {
  "maxPlayers": 4,
  "rounds": Array [
    1,
    2,
    3,
  ],
  "roundsDefault": 2,
  "timeLimits": Array [
    30,
    60,
    120,
    -1,
  ],
  "timeLimitsDefault": 30,
}
`;
