// Jest Snapshot v1, https://goo.gl/fbAQLP

exports[`Google Map renders 1`] = `
<div
  id="__GMAP__CONTAINER__"
  style="width: 100%; height: 100%; display: none;"
/>
`;
