// Jest Snapshot v1, https://goo.gl/fbAQLP

exports[`Test global setup has global definitions 1`] = `
Object {
  "Circle": [Function],
  "ControlPosition": Object {
    "0": "BOTTOM_CENTER",
    "1": "BOTTOM_LEFT",
    "10": "TOP_LEFT",
    "11": "TOP_RIGHT",
    "2": "BOTTOM_RIGHT",
    "3": "LEFT_BOTTOM",
    "4": "LEFT_CENTER",
    "5": "LEFT_TOP",
    "6": "RIGHT_BOTTOM",
    "7": "RIGHT_CENTER",
    "8": "RIGHT_TOP",
    "9": "TOP_CENTER",
    "BOTTOM_CENTER": 0,
    "BOTTOM_LEFT": 1,
    "BOTTOM_RIGHT": 2,
    "LEFT_BOTTOM": 3,
    "LEFT_CENTER": 4,
    "LEFT_TOP": 5,
    "RIGHT_BOTTOM": 6,
    "RIGHT_CENTER": 7,
    "RIGHT_TOP": 8,
    "TOP_CENTER": 9,
    "TOP_LEFT": 10,
    "TOP_RIGHT": 11,
  },
  "Data": [Function],
  "ImageMapType": [MockFunction],
  "LatLng": [Function],
  "LatLngBounds": [Function],
  "MVCArray": [Function],
  "MVCObject": [Function],
  "Map": [Function],
  "MapCanvasProjection": [Function],
  "MapPanes": [Function],
  "MapTypeId": Object {
    "HYBRID": "hybrid",
    "ROADMAP": "roadmap",
    "SATELLITE": "satellite",
    "TERRAIN": "terrain",
  },
  "Marker": [Function],
  "OverlayView": [Function],
  "Point": [Function],
  "Polyline": [Function],
  "Size": [Function],
  "StreetViewCoverageLayer": [Function],
  "StreetViewPanorama": [Function],
  "StreetViewPreference": Object {
    "BEST": "best",
    "NEAREST": "nearest",
  },
  "StreetViewService": [Function],
  "StreetViewSource": Object {
    "DEFAULT": "default",
    "OUTDOOR": "outdoor",
  },
  "StreetViewStatus": Object {
    "OK": "OK",
    "UNKNOWN_ERROR": "UNKNOWN_ERROR",
    "ZERO_RESULTS": "ZERO_RESULTS",
  },
  "VisibleRegion": [Function],
  "event": Object {
    "addDomListener": [MockFunction],
    "addDomListenerOnce": [MockFunction],
    "addListener": [MockFunction],
    "addListenerOnce": [MockFunction],
    "clearInstanceListeners": [MockFunction],
    "clearListeners": [MockFunction],
    "hasListeners": [MockFunction],
    "removeListener": [MockFunction],
    "trigger": [MockFunction],
  },
  "places": Object {
    "Autocomplete": [Function],
    "SearchBox": [Function],
  },
}
`;
